// Jest Snapshot v1, https://goo.gl/fbAQLP

exports[`Test for the component PostProblemPrevisualization :D Visual tests for the component should the comopnent have the same tree 1`] = `
<div
  className="post-problem-previsualization"
>
  <div
    className="post-problem-previsualization__info"
  >
    <h4>
      Error with my pc
    </h4>
    <strong>
      #121515
    </strong>
  </div>
  <p
    className="post-problem-previsualization__description"
  >
    I need some help with my problem
  </p>
  <div
    className="post-problem-graphic-data"
  >
    <div
      className="graphic-data graphic-data--active"
    >
      <svg
        fill="currentColor"
        height={30}
        size={30}
        stroke="currentColor"
        strokeWidth="0"
        style={
          Object {
            "color": undefined,
          }
        }
        viewBox="0 0 24 24"
        width={30}
        xmlns="http://www.w3.org/2000/svg"
      >
        <path
          d="M12 2C8.13 2 5 5.13 5 9c0 5.25 7 13 7 13s7-7.75 7-13c0-3.87-3.13-7-7-7zm0 9.5c-1.38 0-2.5-1.12-2.5-2.5s1.12-2.5 2.5-2.5 2.5 1.12 2.5 2.5-1.12 2.5-2.5 2.5z"
        />
      </svg>
      <strong>
        COL
      </strong>
    </div>
    <div
      className="graphic-data undefined"
    >
      <svg
        fill="currentColor"
        height={30}
        size={30}
        stroke="currentColor"
        strokeWidth="0"
        style={
          Object {
            "color": undefined,
          }
        }
        viewBox="0 0 24 24"
        width={30}
        xmlns="http://www.w3.org/2000/svg"
      >
        <path
          d="M11.99 2C6.47 2 2 6.48 2 12s4.47 10 9.99 10C17.52 22 22 17.52 22 12S17.52 2 11.99 2zM12 20c-4.42 0-8-3.58-8-8s3.58-8 8-8 8 3.58 8 8-3.58 8-8 8zm.5-13H11v6l5.25 3.15.75-1.23-4.5-2.67z"
        />
      </svg>
      <strong>
        Day
      </strong>
    </div>
    <div
      className="graphic-data undefined"
    >
      <svg
        fill="currentColor"
        height={30}
        size={30}
        stroke="currentColor"
        strokeWidth="0"
        style={
          Object {
            "color": undefined,
          }
        }
        viewBox="0 0 24 24"
        width={30}
        xmlns="http://www.w3.org/2000/svg"
      >
        <path
          d="M12 11c-1.1 0-2 .9-2 2s.9 2 2 2 2-.9 2-2-.9-2-2-2zm6 2c0-3.31-2.69-6-6-6s-6 2.69-6 6c0 2.22 1.21 4.15 3 5.19l1-1.74c-1.19-.7-2-1.97-2-3.45 0-2.21 1.79-4 4-4s4 1.79 4 4c0 1.48-.81 2.75-2 3.45l1 1.74c1.79-1.04 3-2.97 3-5.19zM12 3C6.48 3 2 7.48 2 13c0 3.7 2.01 6.92 4.99 8.65l1-1.73C5.61 18.53 4 15.96 4 13c0-4.42 3.58-8 8-8s8 3.58 8 8c0 2.96-1.61 5.53-4 6.92l1 1.73c2.99-1.73 5-4.95 5-8.65 0-5.52-4.48-10-10-10z"
        />
      </svg>
      <strong>
        Remote
      </strong>
    </div>
  </div>
</div>
`;
