// Jest Snapshot v1, https://goo.gl/fbAQLP

exports[`Test for the component FormStep :D Visual tests for the component should the comopnent have the same tree 1`] = `
<div
  className="form-step false "
>
  <div
    className="form-step__title"
    onClick={[Function]}
  >
    <h2>
      Step of form one
    </h2>
    <svg
      fill="currentColor"
      height={30}
      size={30}
      stroke="currentColor"
      strokeWidth="0"
      style={
        Object {
          "color": undefined,
        }
      }
      viewBox="0 0 24 24"
      width={30}
      xmlns="http://www.w3.org/2000/svg"
    >
      <path
        d="M16.59 8.59L12 13.17 7.41 8.59 6 10l6 6 6-6z"
      />
    </svg>
  </div>
  <div
    className="form-step__children form-step__children--close"
  />
</div>
`;
