// Jest Snapshot v1, https://goo.gl/fbAQLP

exports[`Test for the component ProblemStatusCard :D Visual tests for the component should the comopnent have the same tree 1`] = `
<article
  className="problem-status-card"
>
  <div
    className="problem-status-card__header"
  >
    <h3>
      Error with my PC
    </h3>
    <small>
      #15142
    </small>
    <button
      className="button-action problem-status-card__action"
    >
      <svg
        fill="currentColor"
        height="1em"
        stroke="currentColor"
        strokeWidth="0"
        style={
          Object {
            "color": undefined,
          }
        }
        viewBox="0 0 24 24"
        width="1em"
        xmlns="http://www.w3.org/2000/svg"
      >
        <path
          d="M12 4.5C7 4.5 2.73 7.61 1 12c1.73 4.39 6 7.5 11 7.5s9.27-3.11 11-7.5c-1.73-4.39-6-7.5-11-7.5zM12 17c-2.76 0-5-2.24-5-5s2.24-5 5-5 5 2.24 5 5-2.24 5-5 5zm0-8c-1.66 0-3 1.34-3 3s1.34 3 3 3 3-1.34 3-3-1.34-3-3-3z"
        />
      </svg>
    </button>
  </div>
  <div
    className="problem-status-card__status"
  >
    <div
      className="problem-status problem-status__state--false"
    >
      <svg
        fill="currentColor"
        height="24"
        size="24"
        stroke="currentColor"
        strokeWidth="0"
        style={
          Object {
            "color": undefined,
          }
        }
        viewBox="0 0 24 24"
        width="24"
        xmlns="http://www.w3.org/2000/svg"
      >
        <path
          d="M11 15h2v2h-2zm0-8h2v6h-2zm.99-5C6.47 2 2 6.48 2 12s4.47 10 9.99 10C17.52 22 22 17.52 22 12S17.52 2 11.99 2zM12 20c-4.42 0-8-3.58-8-8s3.58-8 8-8 8 3.58 8 8-3.58 8-8 8z"
        />
      </svg>
      <small>
        Solving
      </small>
    </div>
  </div>
</article>
`;
